// Jest Snapshot v1, https://goo.gl/fbAQLP

exports[`GifGrid Component matches snapshot 1`] = `undefined`;
